// Jest Snapshot v1, https://goo.gl/fbAQLP

exports[`Base64 #encode gas cost of encode(<some html>) 1`] = `1530`;

exports[`Base64 #encode gas cost of encode(aLpHaBeT) 1`] = `1268`;

exports[`Base64 #encode gas cost of encode(alphabet soup) 1`] = `1781`;

exports[`Base64 #encode gas cost of encode(f) 1`] = `733`;

exports[`Base64 #encode gas cost of encode(fo) 1`] = `744`;

exports[`Base64 #encode gas cost of encode(foo) 1`] = `739`;

exports[`Base64 #encode gas cost of encode(foob) 1`] = `995`;

exports[`Base64 #encode gas cost of encode(fooba) 1`] = `1006`;

exports[`Base64 #encode gas cost of encode(foobar) 1`] = `1001`;

exports[`Base64 #encode gas cost of encode(includes
newlines) 1`] = `2054`;

exports[`Base64 #encode gas cost of encode(test string) 1`] = `1530`;

exports[`Base64 #encode gas cost of encode(this is a test) 1`] = `1792`;

exports[`Base64 #encode gas cost of encode(this is a very long string that should cost a lot of gas to encode :)) 1`] = `6515`;

exports[`Base64 #encode gas cost of encode(ðŸ˜€) 1`] = `995`;
