// Jest Snapshot v1, https://goo.gl/fbAQLP

exports[`NFTDescriptor #constructTokenURI gas 1`] = `1501270`;

exports[`NFTDescriptor #constructTokenURI snapshot matches 1`] = `"data:application/json;base64,eyJuYW1lIjoiVW5pc3dhcCAtIDAuMyUgLSBURVNUNC9URVNUMiAtIE1JTjw+TUFYIiwgImRlc2NyaXB0aW9uIjoiVGhpcyBORlQgcmVwcmVzZW50cyBhIGxpcXVpZGl0eSBwb3NpdGlvbiBpbiBhIFVuaXN3YXAgVjMgVEVTVDQtVEVTVDIgcG9vbC4gVGhlIG93bmVyIG9mIHRoaXMgTkZUIGNhbiBtb2RpZnkgb3IgcmVkZWVtIHRoZSBwb3NpdGlvbi5cblxuUG9vbCBBZGRyZXNzOiAweGJiYmJiYmJiYmJiYmJiYmJiYmJiYmJiYmJiYmJiYmJiYmJiYmJiYmJcblRFU1Q0IEFkZHJlc3M6IDB4NjdkMjY5MTkxYzkyY2FmM2NkNzcyM2YxMTZjODVlNmU5YmY1NTkzM1xuVEVTVDIgQWRkcmVzczogMHgwOTYzNWY2NDNlMTQwMDkwYTlhOGRjZDcxMmVkNjI4NTg1OGNlYmVmXG5GZWUgVGllcjogMC4zJVxuVG9rZW4gSUQ6IDEyM1xuXG7imqDvuI8gRElTQ0xBSU1FUjogRHVlIGRpbGlnZW5jZSBpcyBpbXBlcmF0aXZlIHdoZW4gYXNzZXNzaW5nIHRoaXMgTkZULiBNYWtlIHN1cmUgdG9rZW4gYWRkcmVzc2VzIG1hdGNoIHRoZSBleHBlY3RlZCB0b2tlbnMsIGFzIHRva2VuIHN5bWJvbHMgbWF5IGJlIGltaXRhdGVkLiIsICJpbWFnZSI6ICJkYXRhOmltYWdlL3N2Zyt4bWw7YmFzZTY0LFBITjJaeUIzYVdSMGFEMGlNamt3SWlCb1pXbG5hSFE5SWpVd01DSWdkbWxsZDBKdmVEMGlNQ0F3SURJNU1DQTFNREFpSUhodGJHNXpQU0pvZEhSd09pOHZkM2QzTG5jekxtOXlaeTh5TURBd0wzTjJaeUlnZUcxc2JuTTZlR3hwYm1zOUoyaDBkSEE2THk5M2QzY3Vkek11YjNKbkx6RTVPVGt2ZUd4cGJtc25Qanh6ZEhsc1pUNUFhVzF3YjNKMElIVnliQ2duYUhSMGNITTZMeTltYjI1MGN5NW5iMjluYkdWaGNHbHpMbU52YlM5amMzTXlQMlpoYldsc2VUMUpRazByVUd4bGVDdE5iMjV2T25kbmFIUkFNakF3T3pRd01DY3BPend2YzNSNWJHVStQR1JsWm5NK1BHWnBiSFJsY2lCcFpEMGlaakVpUGp4bVpVbHRZV2RsSUhKbGMzVnNkRDBpY0RBaUlIaHNhVzVyT21oeVpXWTlJbVJoZEdFNmFXMWhaMlV2YzNabkszaHRiRHQxZEdZNExDVXpRM04yWnlCM2FXUjBhRDBuTWprd0p5Qm9aV2xuYUhROUp6VXdNQ2NnZG1sbGQwSnZlRDBuTUNBd0lESTVNQ0ExTURBbklIaHRiRzV6UFNkb2RIUndPaTh2ZDNkM0xuY3pMbTl5Wnk4eU1EQXdMM04yWnljbE0wVWxNME55WldOMElIZHBaSFJvUFNjeU9UQndlQ2NnYUdWcFoyaDBQU2MxTURCd2VDY2dabWxzYkQwbkpUSXpOamRrTWpZNUp5OGxNMFVsTTBNdmMzWm5KVE5GSWlBdlBqeG1aVWx0WVdkbElISmxjM1ZzZEQwaWNERWlJSGhzYVc1ck9taHlaV1k5SW1SaGRHRTZhVzFoWjJVdmMzWm5LM2h0YkR0MWRHWTRMQ1V6UTNOMlp5QjNhV1IwYUQwbk1qa3dKeUJvWldsbmFIUTlKelV3TUNjZ2RtbGxkMEp2ZUQwbk1DQXdJREk1TUNBMU1EQW5JSGh0Ykc1elBTZG9kSFJ3T2k4dmQzZDNMbmN6TG05eVp5OHlNREF3TDNOMlp5Y2xNMFVsTTBOamFYSmpiR1VnWTNnOUp6STJNeWNnWTNrOUp6TXhNQ2NnY2owbk1USXdjSGduSUdacGJHdzlKeVV5TXpBNU5qTTFaaWN2SlRORkpUTkRMM04yWnlVelJTSWdMejQ4Wm1WSmJXRm5aU0J5WlhOMWJIUTlJbkF5SWlCNGJHbHVhenBvY21WbVBTSmtZWFJoT21sdFlXZGxMM04yWnl0NGJXdzdkWFJtT0N3bE0wTnpkbWNnZDJsa2RHZzlKekk1TUNjZ2FHVnBaMmgwUFNjMU1EQW5JSFpwWlhkQ2IzZzlKekFnTUNBeU9UQWdOVEF3SnlCNGJXeHVjejBuYUhSMGNEb3ZMM2QzZHk1M015NXZjbWN2TWpBd01DOXpkbWNuSlRORkpUTkRZMmx5WTJ4bElHTjRQU2N4TWpjbklHTjVQU2N6TURBbklISTlKekV5TUhCNEp5Qm1hV3hzUFNjbE1qTm1OVFU1TXpNbkx5VXpSU1V6UXk5emRtY2xNMFVpSUM4K1BHWmxTVzFoWjJVZ2NtVnpkV3gwUFNKd015SWdlR3hwYm1zNmFISmxaajBpWkdGMFlUcHBiV0ZuWlM5emRtY3JlRzFzTzNWMFpqZ3NKVE5EYzNabklIZHBaSFJvUFNjeU9UQW5JR2hsYVdkb2REMG5OVEF3SnlCMmFXVjNRbTk0UFNjd0lEQWdNamt3SURVd01DY2dlRzFzYm5NOUoyaDBkSEE2THk5M2QzY3Vkek11YjNKbkx6SXdNREF2YzNabkp5VXpSU1V6UTJOcGNtTnNaU0JqZUQwbk1qRTRKeUJqZVQwbk5EVTJKeUJ5UFNjeE1EQndlQ2NnWm1sc2JEMG5KVEl6T0dObFltVm1KeThsTTBVbE0wTXZjM1puSlRORklpQXZQanhtWlVKc1pXNWtJRzF2WkdVOUltOTJaWEpzWVhraUlHbHVQU0p3TUNJZ2FXNHlQU0p3TVNJZ0x6NDhabVZDYkdWdVpDQnRiMlJsUFNKbGVHTnNkWE5wYjI0aUlHbHVNajBpY0RJaUlDOCtQR1psUW14bGJtUWdiVzlrWlQwaWIzWmxjbXhoZVNJZ2FXNHlQU0p3TXlJZ2NtVnpkV3gwUFNKaWJHVnVaRTkxZENJZ0x6NDhabVZIWVhWemMybGhia0pzZFhJZ2FXNDlJbUpzWlc1a1QzVjBJaUJ6ZEdSRVpYWnBZWFJwYjI0OUlqUXlJaUF2UGp3dlptbHNkR1Z5UGlBOFkyeHBjRkJoZEdnZ2FXUTlJbU52Y201bGNuTWlQanh5WldOMElIZHBaSFJvUFNJeU9UQWlJR2hsYVdkb2REMGlOVEF3SWlCeWVEMGlORElpSUhKNVBTSTBNaUlnTHo0OEwyTnNhWEJRWVhSb1BqeHdZWFJvSUdsa1BTSjBaWGgwTFhCaGRHZ3RZU0lnWkQwaVRUUXdJREV5SUVneU5UQWdRVEk0SURJNElEQWdNQ0F4SURJM09DQTBNQ0JXTkRZd0lFRXlPQ0F5T0NBd0lEQWdNU0F5TlRBZ05EZzRJRWcwTUNCQk1qZ2dNamdnTUNBd0lERWdNVElnTkRZd0lGWTBNQ0JCTWpnZ01qZ2dNQ0F3SURFZ05EQWdNVElnZWlJZ0x6NDhjR0YwYUNCcFpEMGliV2x1YVcxaGNDSWdaRDBpVFRJek5DQTBORFJETWpNMElEUTFOeTQ1TkRrZ01qUXlMakl4SURRMk15QXlOVE1nTkRZeklpQXZQanhtYVd4MFpYSWdhV1E5SW5SdmNDMXlaV2RwYjI0dFlteDFjaUkrUEdabFIyRjFjM05wWVc1Q2JIVnlJR2x1UFNKVGIzVnlZMlZIY21Gd2FHbGpJaUJ6ZEdSRVpYWnBZWFJwYjI0OUlqSTBJaUF2UGp3dlptbHNkR1Z5UGp4c2FXNWxZWEpIY21Ga2FXVnVkQ0JwWkQwaVozSmhaQzExY0NJZ2VERTlJakVpSUhneVBTSXdJaUI1TVQwaU1TSWdlVEk5SWpBaVBqeHpkRzl3SUc5bVpuTmxkRDBpTUM0d0lpQnpkRzl3TFdOdmJHOXlQU0ozYUdsMFpTSWdjM1J2Y0MxdmNHRmphWFI1UFNJeElpQXZQanh6ZEc5d0lHOW1abk5sZEQwaUxqa2lJSE4wYjNBdFkyOXNiM0k5SW5kb2FYUmxJaUJ6ZEc5d0xXOXdZV05wZEhrOUlqQWlJQzgrUEM5c2FXNWxZWEpIY21Ga2FXVnVkRDQ4YkdsdVpXRnlSM0poWkdsbGJuUWdhV1E5SW1keVlXUXRaRzkzYmlJZ2VERTlJakFpSUhneVBTSXhJaUI1TVQwaU1DSWdlVEk5SWpFaVBqeHpkRzl3SUc5bVpuTmxkRDBpTUM0d0lpQnpkRzl3TFdOdmJHOXlQU0ozYUdsMFpTSWdjM1J2Y0MxdmNHRmphWFI1UFNJeElpQXZQanh6ZEc5d0lHOW1abk5sZEQwaU1DNDVJaUJ6ZEc5d0xXTnZiRzl5UFNKM2FHbDBaU0lnYzNSdmNDMXZjR0ZqYVhSNVBTSXdJaUF2UGp3dmJHbHVaV0Z5UjNKaFpHbGxiblErUEcxaGMyc2dhV1E5SW1aaFpHVXRkWEFpSUcxaGMydERiMjUwWlc1MFZXNXBkSE05SW05aWFtVmpkRUp2ZFc1a2FXNW5RbTk0SWo0OGNtVmpkQ0IzYVdSMGFEMGlNU0lnYUdWcFoyaDBQU0l4SWlCbWFXeHNQU0oxY213b0kyZHlZV1F0ZFhBcElpQXZQand2YldGemF6NDhiV0Z6YXlCcFpEMGlabUZrWlMxa2IzZHVJaUJ0WVhOclEyOXVkR1Z1ZEZWdWFYUnpQU0p2WW1wbFkzUkNiM1Z1WkdsdVowSnZlQ0krUEhKbFkzUWdkMmxrZEdnOUlqRWlJR2hsYVdkb2REMGlNU0lnWm1sc2JEMGlkWEpzS0NObmNtRmtMV1J2ZDI0cElpQXZQand2YldGemF6NDhiV0Z6YXlCcFpEMGlibTl1WlNJZ2JXRnphME52Ym5SbGJuUlZibWwwY3owaWIySnFaV04wUW05MWJtUnBibWRDYjNnaVBqeHlaV04wSUhkcFpIUm9QU0l4SWlCb1pXbG5hSFE5SWpFaUlHWnBiR3c5SW5kb2FYUmxJaUF2UGp3dmJXRnphejQ4YkdsdVpXRnlSM0poWkdsbGJuUWdhV1E5SW1keVlXUXRjM2x0WW05c0lqNDhjM1J2Y0NCdlptWnpaWFE5SWpBdU55SWdjM1J2Y0MxamIyeHZjajBpZDJocGRHVWlJSE4wYjNBdGIzQmhZMmwwZVQwaU1TSWdMejQ4YzNSdmNDQnZabVp6WlhROUlpNDVOU0lnYzNSdmNDMWpiMnh2Y2owaWQyaHBkR1VpSUhOMGIzQXRiM0JoWTJsMGVUMGlNQ0lnTHo0OEwyeHBibVZoY2tkeVlXUnBaVzUwUGp4dFlYTnJJR2xrUFNKbVlXUmxMWE41YldKdmJDSWdiV0Z6YTBOdmJuUmxiblJWYm1sMGN6MGlkWE5sY2xOd1lXTmxUMjVWYzJVaVBqeHlaV04wSUhkcFpIUm9QU0l5T1RCd2VDSWdhR1ZwWjJoMFBTSXlNREJ3ZUNJZ1ptbHNiRDBpZFhKc0tDTm5jbUZrTFhONWJXSnZiQ2tpSUM4K1BDOXRZWE5yUGp3dlpHVm1jejQ4WnlCamJHbHdMWEJoZEdnOUluVnliQ2dqWTI5eWJtVnljeWtpUGp4eVpXTjBJR1pwYkd3OUlqWTNaREkyT1NJZ2VEMGlNSEI0SWlCNVBTSXdjSGdpSUhkcFpIUm9QU0l5T1RCd2VDSWdhR1ZwWjJoMFBTSTFNREJ3ZUNJZ0x6NDhjbVZqZENCemRIbHNaVDBpWm1sc2RHVnlPaUIxY213b0kyWXhLU0lnZUQwaU1IQjRJaUI1UFNJd2NIZ2lJSGRwWkhSb1BTSXlPVEJ3ZUNJZ2FHVnBaMmgwUFNJMU1EQndlQ0lnTHo0Z1BHY2djM1I1YkdVOUltWnBiSFJsY2pwMWNtd29JM1J2Y0MxeVpXZHBiMjR0WW14MWNpazdJSFJ5WVc1elptOXliVHB6WTJGc1pTZ3hMalVwT3lCMGNtRnVjMlp2Y20wdGIzSnBaMmx1T21ObGJuUmxjaUIwYjNBN0lqNDhjbVZqZENCbWFXeHNQU0p1YjI1bElpQjRQU0l3Y0hnaUlIazlJakJ3ZUNJZ2QybGtkR2c5SWpJNU1IQjRJaUJvWldsbmFIUTlJalV3TUhCNElpQXZQanhsYkd4cGNITmxJR040UFNJMU1DVWlJR041UFNJd2NIZ2lJSEo0UFNJeE9EQndlQ0lnY25rOUlqRXlNSEI0SWlCbWFXeHNQU0lqTURBd0lpQnZjR0ZqYVhSNVBTSXdMamcxSWlBdlBqd3ZaejQ4TDJjK1BIUmxlSFFnZEdWNGRDMXlaVzVrWlhKcGJtYzlJbTl3ZEdsdGFYcGxVM0JsWldRaVBqeDBaWGgwVUdGMGFDQnpkR0Z5ZEU5bVpuTmxkRDBpTFRFd01DVWlJR1pwYkd3OUluZG9hWFJsSWlCbWIyNTBMV1poYldsc2VUMGlKMGxDVFNCUWJHVjRJRTF2Ym04bkxDQnRiMjV2YzNCaFkyVWlJR1p2Ym5RdGMybDZaVDBpTVRCd2VDSWdlR3hwYm1zNmFISmxaajBpSTNSbGVIUXRjR0YwYUMxaElqNHdlREE1TmpNMVpqWTBNMlV4TkRBd09UQmhPV0U0WkdOa056RXlaV1EyTWpnMU9EVTRZMlZpWldZZzRvQ2lJRlJGVTFReUlEeGhibWx0WVhSbElHRmtaR2wwYVhabFBTSnpkVzBpSUdGMGRISnBZblYwWlU1aGJXVTlJbk4wWVhKMFQyWm1jMlYwSWlCbWNtOXRQU0l3SlNJZ2RHODlJakV3TUNVaUlHSmxaMmx1UFNJd2N5SWdaSFZ5UFNJek1ITWlJSEpsY0dWaGRFTnZkVzUwUFNKcGJtUmxabWx1YVhSbElpQXZQand2ZEdWNGRGQmhkR2crSUR4MFpYaDBVR0YwYUNCemRHRnlkRTltWm5ObGREMGlNQ1VpSUdacGJHdzlJbmRvYVhSbElpQm1iMjUwTFdaaGJXbHNlVDBpSjBsQ1RTQlFiR1Y0SUUxdmJtOG5MQ0J0YjI1dmMzQmhZMlVpSUdadmJuUXRjMmw2WlQwaU1UQndlQ0lnZUd4cGJtczZhSEpsWmowaUkzUmxlSFF0Y0dGMGFDMWhJajR3ZURBNU5qTTFaalkwTTJVeE5EQXdPVEJoT1dFNFpHTmtOekV5WldRMk1qZzFPRFU0WTJWaVpXWWc0b0NpSUZSRlUxUXlJRHhoYm1sdFlYUmxJR0ZrWkdsMGFYWmxQU0p6ZFcwaUlHRjBkSEpwWW5WMFpVNWhiV1U5SW5OMFlYSjBUMlptYzJWMElpQm1jbTl0UFNJd0pTSWdkRzg5SWpFd01DVWlJR0psWjJsdVBTSXdjeUlnWkhWeVBTSXpNSE1pSUhKbGNHVmhkRU52ZFc1MFBTSnBibVJsWm1sdWFYUmxJaUF2UGlBOEwzUmxlSFJRWVhSb1BqeDBaWGgwVUdGMGFDQnpkR0Z5ZEU5bVpuTmxkRDBpTlRBbElpQm1hV3hzUFNKM2FHbDBaU0lnWm05dWRDMW1ZVzFwYkhrOUlpZEpRazBnVUd4bGVDQk5iMjV2Snl3Z2JXOXViM053WVdObElpQm1iMjUwTFhOcGVtVTlJakV3Y0hnaUlIaHNhVzVyT21oeVpXWTlJaU4wWlhoMExYQmhkR2d0WVNJK01IZzJOMlF5TmpreE9URmpPVEpqWVdZelkyUTNOekl6WmpFeE5tTTROV1UyWlRsaVpqVTFPVE16SU9LQW9pQlVSVk5VTkNBOFlXNXBiV0YwWlNCaFpHUnBkR2wyWlQwaWMzVnRJaUJoZEhSeWFXSjFkR1ZPWVcxbFBTSnpkR0Z5ZEU5bVpuTmxkQ0lnWm5KdmJUMGlNQ1VpSUhSdlBTSXhNREFsSWlCaVpXZHBiajBpTUhNaUlHUjFjajBpTXpCeklpQnlaWEJsWVhSRGIzVnVkRDBpYVc1a1pXWnBibWwwWlNJZ0x6NDhMM1JsZUhSUVlYUm9QangwWlhoMFVHRjBhQ0J6ZEdGeWRFOW1abk5sZEQwaUxUVXdKU0lnWm1sc2JEMGlkMmhwZEdVaUlHWnZiblF0Wm1GdGFXeDVQU0luU1VKTklGQnNaWGdnVFc5dWJ5Y3NJRzF2Ym05emNHRmpaU0lnWm05dWRDMXphWHBsUFNJeE1IQjRJaUI0YkdsdWF6cG9jbVZtUFNJamRHVjRkQzF3WVhSb0xXRWlQakI0Tmpka01qWTVNVGt4WXpreVkyRm1NMk5rTnpjeU0yWXhNVFpqT0RWbE5tVTVZbVkxTlRrek15RGlnS0lnVkVWVFZEUWdQR0Z1YVcxaGRHVWdZV1JrYVhScGRtVTlJbk4xYlNJZ1lYUjBjbWxpZFhSbFRtRnRaVDBpYzNSaGNuUlBabVp6WlhRaUlHWnliMjA5SWpBbElpQjBiejBpTVRBd0pTSWdZbVZuYVc0OUlqQnpJaUJrZFhJOUlqTXdjeUlnY21Wd1pXRjBRMjkxYm5ROUltbHVaR1ZtYVc1cGRHVWlJQzgrUEM5MFpYaDBVR0YwYUQ0OEwzUmxlSFErUEdjZ2JXRnphejBpZFhKc0tDTm1ZV1JsTFhONWJXSnZiQ2tpUGp4eVpXTjBJR1pwYkd3OUltNXZibVVpSUhnOUlqQndlQ0lnZVQwaU1IQjRJaUIzYVdSMGFEMGlNamt3Y0hnaUlHaGxhV2RvZEQwaU1qQXdjSGdpSUM4K0lEeDBaWGgwSUhrOUlqY3djSGdpSUhnOUlqTXljSGdpSUdacGJHdzlJbmRvYVhSbElpQm1iMjUwTFdaaGJXbHNlVDBpSjBsQ1RTQlFiR1Y0SUUxdmJtOG5MQ0J0YjI1dmMzQmhZMlVpSUdadmJuUXRkMlZwWjJoMFBTSXlNREFpSUdadmJuUXRjMmw2WlQwaU16WndlQ0krVkVWVFZEUXZWRVZUVkRJOEwzUmxlSFErUEhSbGVIUWdlVDBpTVRFMWNIZ2lJSGc5SWpNeWNIZ2lJR1pwYkd3OUluZG9hWFJsSWlCbWIyNTBMV1poYldsc2VUMGlKMGxDVFNCUWJHVjRJRTF2Ym04bkxDQnRiMjV2YzNCaFkyVWlJR1p2Ym5RdGQyVnBaMmgwUFNJeU1EQWlJR1p2Ym5RdGMybDZaVDBpTXpad2VDSStNQzR6SlR3dmRHVjRkRDQ4TDJjK1BISmxZM1FnZUQwaU1UWWlJSGs5SWpFMklpQjNhV1IwYUQwaU1qVTRJaUJvWldsbmFIUTlJalEyT0NJZ2NuZzlJakkySWlCeWVUMGlNallpSUdacGJHdzlJbkpuWW1Fb01Dd3dMREFzTUNraUlITjBjbTlyWlQwaWNtZGlZU2d5TlRVc01qVTFMREkxTlN3d0xqSXBJaUF2UGp4eVpXTjBJSGc5SWpBaUlIazlJakFpSUhkcFpIUm9QU0l5T1RBaUlHaGxhV2RvZEQwaU5UQXdJaUJ5ZUQwaU5ESWlJSEo1UFNJME1pSWdabWxzYkQwaWNtZGlZU2d3TERBc01Dd3dLU0lnYzNSeWIydGxQU0p5WjJKaEtESTFOU3d5TlRVc01qVTFMREF1TWlraUlDOCtQR2NnYldGemF6MGlkWEpzS0NOdWIyNWxLU0lnYzNSNWJHVTlJblJ5WVc1elptOXliVHAwY21GdWMyeGhkR1VvTnpOd2VDd3hPRGx3ZUNraVBqeHlaV04wSUhnOUlpMHhObkI0SWlCNVBTSXRNVFp3ZUNJZ2QybGtkR2c5SWpFNE1IQjRJaUJvWldsbmFIUTlJakU0TUhCNElpQm1hV3hzUFNKdWIyNWxJaUF2UGp4d1lYUm9JR1E5SWsweElERkRNU0E1TnlBME9TQXhORFVnTVRRMUlERTBOU0lnYzNSeWIydGxQU0p5WjJKaEtEQXNNQ3d3TERBdU15a2lJSE4wY205clpTMTNhV1IwYUQwaU16SndlQ0lnWm1sc2JEMGlibTl1WlNJZ2MzUnliMnRsTFd4cGJtVmpZWEE5SW5KdmRXNWtJaUF2UGp3dlp6NDhaeUJ0WVhOclBTSjFjbXdvSTI1dmJtVXBJaUJ6ZEhsc1pUMGlkSEpoYm5ObWIzSnRPblJ5WVc1emJHRjBaU2czTTNCNExERTRPWEI0S1NJK1BISmxZM1FnZUQwaUxURTJjSGdpSUhrOUlpMHhObkI0SWlCM2FXUjBhRDBpTVRnd2NIZ2lJR2hsYVdkb2REMGlNVGd3Y0hnaUlHWnBiR3c5SW01dmJtVWlJQzgrUEhCaGRHZ2daRDBpVFRFZ01VTXhJRGszSURRNUlERTBOU0F4TkRVZ01UUTFJaUJ6ZEhKdmEyVTlJbkpuWW1Fb01qVTFMREkxTlN3eU5UVXNNU2tpSUdacGJHdzlJbTV2Ym1VaUlITjBjbTlyWlMxc2FXNWxZMkZ3UFNKeWIzVnVaQ0lnTHo0OEwyYytQR05wY21Oc1pTQmplRDBpTnpOd2VDSWdZM2s5SWpFNU1IQjRJaUJ5UFNJMGNIZ2lJR1pwYkd3OUluZG9hWFJsSWlBdlBqeGphWEpqYkdVZ1kzZzlJakl4TjNCNElpQmplVDBpTXpNMGNIZ2lJSEk5SWpSd2VDSWdabWxzYkQwaWQyaHBkR1VpSUM4K0lEeG5JSE4wZVd4bFBTSjBjbUZ1YzJadmNtMDZkSEpoYm5Oc1lYUmxLREk1Y0hnc0lETTROSEI0S1NJK1BISmxZM1FnZDJsa2RHZzlJamMzY0hnaUlHaGxhV2RvZEQwaU1qWndlQ0lnY25nOUlqaHdlQ0lnY25rOUlqaHdlQ0lnWm1sc2JEMGljbWRpWVNnd0xEQXNNQ3d3TGpZcElpQXZQangwWlhoMElIZzlJakV5Y0hnaUlIazlJakUzY0hnaUlHWnZiblF0Wm1GdGFXeDVQU0luU1VKTklGQnNaWGdnVFc5dWJ5Y3NJRzF2Ym05emNHRmpaU0lnWm05dWRDMXphWHBsUFNJeE1uQjRJaUJtYVd4c1BTSjNhR2wwWlNJK1BIUnpjR0Z1SUdacGJHdzlJbkpuWW1Fb01qVTFMREkxTlN3eU5UVXNNQzQyS1NJK1NVUTZJRHd2ZEhOd1lXNCtNVEl6UEM5MFpYaDBQand2Wno0Z1BHY2djM1I1YkdVOUluUnlZVzV6Wm05eWJUcDBjbUZ1YzJ4aGRHVW9Namx3ZUN3Z05ERTBjSGdwSWo0OGNtVmpkQ0IzYVdSMGFEMGlNVEV5Y0hnaUlHaGxhV2RvZEQwaU1qWndlQ0lnY25nOUlqaHdlQ0lnY25rOUlqaHdlQ0lnWm1sc2JEMGljbWRpWVNnd0xEQXNNQ3d3TGpZcElpQXZQangwWlhoMElIZzlJakV5Y0hnaUlIazlJakUzY0hnaUlHWnZiblF0Wm1GdGFXeDVQU0luU1VKTklGQnNaWGdnVFc5dWJ5Y3NJRzF2Ym05emNHRmpaU0lnWm05dWRDMXphWHBsUFNJeE1uQjRJaUJtYVd4c1BTSjNhR2wwWlNJK1BIUnpjR0Z1SUdacGJHdzlJbkpuWW1Fb01qVTFMREkxTlN3eU5UVXNNQzQyS1NJK1RXbHVPaUE4TDNSemNHRnVQaTA0T0RjeU1qQThMM1JsZUhRK1BDOW5QaUE4WnlCemRIbHNaVDBpZEhKaGJuTm1iM0p0T25SeVlXNXpiR0YwWlNneU9YQjRMQ0EwTkRSd2VDa2lQanh5WldOMElIZHBaSFJvUFNJeE1EVndlQ0lnYUdWcFoyaDBQU0l5Tm5CNElpQnllRDBpT0hCNElpQnllVDBpT0hCNElpQm1hV3hzUFNKeVoySmhLREFzTUN3d0xEQXVOaWtpSUM4K1BIUmxlSFFnZUQwaU1USndlQ0lnZVQwaU1UZHdlQ0lnWm05dWRDMW1ZVzFwYkhrOUlpZEpRazBnVUd4bGVDQk5iMjV2Snl3Z2JXOXViM053WVdObElpQm1iMjUwTFhOcGVtVTlJakV5Y0hnaUlHWnBiR3c5SW5kb2FYUmxJajQ4ZEhOd1lXNGdabWxzYkQwaWNtZGlZU2d5TlRVc01qVTFMREkxTlN3d0xqWXBJajVOWVhnNklEd3ZkSE53WVc0K09EZzNNakl3UEM5MFpYaDBQand2Wno0OEwzTjJaejQ9In0="`;

exports[`NFTDescriptor #svgImage matches the current snapshot 1`] = `"<svg width=\\"290\\" height=\\"500\\" viewBox=\\"0 0 290 500\\" xmlns=\\"http://www.w3.org/2000/svg\\" xmlns:xlink='http://www.w3.org/1999/xlink'><style>@import url('https://fonts.googleapis.com/css2?family=IBM+Plex+Mono:wght@200;400');</style><defs><filter id=\\"f1\\"><feImage result=\\"p0\\" xlink:href=\\"data:image/svg+xml;utf8,%3Csvg width='290' height='500' viewBox='0 0 290 500' xmlns='http://www.w3.org/2000/svg'%3E%3Crect width='290px' height='500px' fill='%23123456'/%3E%3C/svg%3E\\" /><feImage result=\\"p1\\" xlink:href=\\"data:image/svg+xml;utf8,%3Csvg width='290' height='500' viewBox='0 0 290 500' xmlns='http://www.w3.org/2000/svg'%3E%3Ccircle cx='120' cy='476' r='120px' fill='%23abcdea'/%3E%3C/svg%3E\\" /><feImage result=\\"p2\\" xlink:href=\\"data:image/svg+xml;utf8,%3Csvg width='290' height='500' viewBox='0 0 290 500' xmlns='http://www.w3.org/2000/svg'%3E%3Ccircle cx='51' cy='383' r='120px' fill='%23678901'/%3E%3C/svg%3E\\" /><feImage result=\\"p3\\" xlink:href=\\"data:image/svg+xml;utf8,%3Csvg width='290' height='500' viewBox='0 0 290 500' xmlns='http://www.w3.org/2000/svg'%3E%3Ccircle cx='154' cy='434' r='100px' fill='%23fabcdf'/%3E%3C/svg%3E\\" /><feBlend mode=\\"overlay\\" in=\\"p0\\" in2=\\"p1\\" /><feBlend mode=\\"exclusion\\" in2=\\"p2\\" /><feBlend mode=\\"overlay\\" in2=\\"p3\\" result=\\"blendOut\\" /><feGaussianBlur in=\\"blendOut\\" stdDeviation=\\"42\\" /></filter> <clipPath id=\\"corners\\"><rect width=\\"290\\" height=\\"500\\" rx=\\"42\\" ry=\\"42\\" /></clipPath><path id=\\"text-path-a\\" d=\\"M40 12 H250 A28 28 0 0 1 278 40 V460 A28 28 0 0 1 250 488 H40 A28 28 0 0 1 12 460 V40 A28 28 0 0 1 40 12 z\\" /><path id=\\"minimap\\" d=\\"M234 444C234 457.949 242.21 463 253 463\\" /><filter id=\\"top-region-blur\\"><feGaussianBlur in=\\"SourceGraphic\\" stdDeviation=\\"24\\" /></filter><linearGradient id=\\"grad-up\\" x1=\\"1\\" x2=\\"0\\" y1=\\"1\\" y2=\\"0\\"><stop offset=\\"0.0\\" stop-color=\\"white\\" stop-opacity=\\"1\\" /><stop offset=\\".9\\" stop-color=\\"white\\" stop-opacity=\\"0\\" /></linearGradient><linearGradient id=\\"grad-down\\" x1=\\"0\\" x2=\\"1\\" y1=\\"0\\" y2=\\"1\\"><stop offset=\\"0.0\\" stop-color=\\"white\\" stop-opacity=\\"1\\" /><stop offset=\\"0.9\\" stop-color=\\"white\\" stop-opacity=\\"0\\" /></linearGradient><mask id=\\"fade-up\\" maskContentUnits=\\"objectBoundingBox\\"><rect width=\\"1\\" height=\\"1\\" fill=\\"url(#grad-up)\\" /></mask><mask id=\\"fade-down\\" maskContentUnits=\\"objectBoundingBox\\"><rect width=\\"1\\" height=\\"1\\" fill=\\"url(#grad-down)\\" /></mask><mask id=\\"none\\" maskContentUnits=\\"objectBoundingBox\\"><rect width=\\"1\\" height=\\"1\\" fill=\\"white\\" /></mask><linearGradient id=\\"grad-symbol\\"><stop offset=\\"0.7\\" stop-color=\\"white\\" stop-opacity=\\"1\\" /><stop offset=\\".95\\" stop-color=\\"white\\" stop-opacity=\\"0\\" /></linearGradient><mask id=\\"fade-symbol\\" maskContentUnits=\\"userSpaceOnUse\\"><rect width=\\"290px\\" height=\\"200px\\" fill=\\"url(#grad-symbol)\\" /></mask></defs><g clip-path=\\"url(#corners)\\"><rect fill=\\"123456\\" x=\\"0px\\" y=\\"0px\\" width=\\"290px\\" height=\\"500px\\" /><rect style=\\"filter: url(#f1)\\" x=\\"0px\\" y=\\"0px\\" width=\\"290px\\" height=\\"500px\\" /> <g style=\\"filter:url(#top-region-blur); transform:scale(1.5); transform-origin:center top;\\"><rect fill=\\"none\\" x=\\"0px\\" y=\\"0px\\" width=\\"290px\\" height=\\"500px\\" /><ellipse cx=\\"50%\\" cy=\\"0px\\" rx=\\"180px\\" ry=\\"120px\\" fill=\\"#000\\" opacity=\\"0.85\\" /></g></g><text text-rendering=\\"optimizeSpeed\\"><textPath startOffset=\\"-100%\\" fill=\\"white\\" font-family=\\"'IBM Plex Mono', monospace\\" font-size=\\"10px\\" xlink:href=\\"#text-path-a\\">0xabcdeabcdefabcdefabcdefabcdefabcdefabcdf • WETH <animate additive=\\"sum\\" attributeName=\\"startOffset\\" from=\\"0%\\" to=\\"100%\\" begin=\\"0s\\" dur=\\"30s\\" repeatCount=\\"indefinite\\" /></textPath> <textPath startOffset=\\"0%\\" fill=\\"white\\" font-family=\\"'IBM Plex Mono', monospace\\" font-size=\\"10px\\" xlink:href=\\"#text-path-a\\">0xabcdeabcdefabcdefabcdefabcdefabcdefabcdf • WETH <animate additive=\\"sum\\" attributeName=\\"startOffset\\" from=\\"0%\\" to=\\"100%\\" begin=\\"0s\\" dur=\\"30s\\" repeatCount=\\"indefinite\\" /> </textPath><textPath startOffset=\\"50%\\" fill=\\"white\\" font-family=\\"'IBM Plex Mono', monospace\\" font-size=\\"10px\\" xlink:href=\\"#text-path-a\\">0x1234567890123456789123456789012345678901 • UNI <animate additive=\\"sum\\" attributeName=\\"startOffset\\" from=\\"0%\\" to=\\"100%\\" begin=\\"0s\\" dur=\\"30s\\" repeatCount=\\"indefinite\\" /></textPath><textPath startOffset=\\"-50%\\" fill=\\"white\\" font-family=\\"'IBM Plex Mono', monospace\\" font-size=\\"10px\\" xlink:href=\\"#text-path-a\\">0x1234567890123456789123456789012345678901 • UNI <animate additive=\\"sum\\" attributeName=\\"startOffset\\" from=\\"0%\\" to=\\"100%\\" begin=\\"0s\\" dur=\\"30s\\" repeatCount=\\"indefinite\\" /></textPath></text><g mask=\\"url(#fade-symbol)\\"><rect fill=\\"none\\" x=\\"0px\\" y=\\"0px\\" width=\\"290px\\" height=\\"200px\\" /> <text y=\\"70px\\" x=\\"32px\\" fill=\\"white\\" font-family=\\"'IBM Plex Mono', monospace\\" font-weight=\\"200\\" font-size=\\"36px\\">UNI/WETH</text><text y=\\"115px\\" x=\\"32px\\" fill=\\"white\\" font-family=\\"'IBM Plex Mono', monospace\\" font-weight=\\"200\\" font-size=\\"36px\\">0.05%</text></g><rect x=\\"16\\" y=\\"16\\" width=\\"258\\" height=\\"468\\" rx=\\"26\\" ry=\\"26\\" fill=\\"rgba(0,0,0,0)\\" stroke=\\"rgba(255,255,255,0.2)\\" /><rect x=\\"0\\" y=\\"0\\" width=\\"290\\" height=\\"500\\" rx=\\"42\\" ry=\\"42\\" fill=\\"rgba(0,0,0,0)\\" stroke=\\"rgba(255,255,255,0.2)\\" /><g mask=\\"url(#none)\\" style=\\"transform:translate(73px,189px)\\"><rect x=\\"-16px\\" y=\\"-16px\\" width=\\"180px\\" height=\\"180px\\" fill=\\"none\\" /><path d=\\"M1 1C9 81 65 137 145 145\\" stroke=\\"rgba(0,0,0,0.3)\\" stroke-width=\\"32px\\" fill=\\"none\\" stroke-linecap=\\"round\\" /></g><g mask=\\"url(#none)\\" style=\\"transform:translate(73px,189px)\\"><rect x=\\"-16px\\" y=\\"-16px\\" width=\\"180px\\" height=\\"180px\\" fill=\\"none\\" /><path d=\\"M1 1C9 81 65 137 145 145\\" stroke=\\"rgba(255,255,255,1)\\" fill=\\"none\\" stroke-linecap=\\"round\\" /></g><circle cx=\\"73px\\" cy=\\"190px\\" r=\\"4px\\" fill=\\"white\\" /><circle cx=\\"217px\\" cy=\\"334px\\" r=\\"4px\\" fill=\\"white\\" /> <g style=\\"transform:translate(29px, 384px)\\"><rect width=\\"77px\\" height=\\"26px\\" rx=\\"8px\\" ry=\\"8px\\" fill=\\"rgba(0,0,0,0.6)\\" /><text x=\\"12px\\" y=\\"17px\\" font-family=\\"'IBM Plex Mono', monospace\\" font-size=\\"12px\\" fill=\\"white\\"><tspan fill=\\"rgba(255,255,255,0.6)\\">ID: </tspan>123</text></g> <g style=\\"transform:translate(29px, 414px)\\"><rect width=\\"98px\\" height=\\"26px\\" rx=\\"8px\\" ry=\\"8px\\" fill=\\"rgba(0,0,0,0.6)\\" /><text x=\\"12px\\" y=\\"17px\\" font-family=\\"'IBM Plex Mono', monospace\\" font-size=\\"12px\\" fill=\\"white\\"><tspan fill=\\"rgba(255,255,255,0.6)\\">Min: </tspan>-1000</text></g> <g style=\\"transform:translate(29px, 444px)\\"><rect width=\\"91px\\" height=\\"26px\\" rx=\\"8px\\" ry=\\"8px\\" fill=\\"rgba(0,0,0,0.6)\\" /><text x=\\"12px\\" y=\\"17px\\" font-family=\\"'IBM Plex Mono', monospace\\" font-size=\\"12px\\" fill=\\"white\\"><tspan fill=\\"rgba(255,255,255,0.6)\\">Max: </tspan>2000</text></g></svg>"`;
