// Jest Snapshot v1, https://goo.gl/fbAQLP

exports[`OracleLibrary #consult gas test 1`] = `11170`;

exports[`OracleLibrary #getQuoteAtTick gas test 1`] = `4439`;
