// Jest Snapshot v1, https://goo.gl/fbAQLP

exports[`SwapRouter gas tests #exactInput 0 -> 1 -> 2 1`] = `189736`;

exports[`SwapRouter gas tests #exactInput 0 -> 1 1`] = `120181`;

exports[`SwapRouter gas tests #exactInput 0 -> 1 minimal 1`] = `109534`;

exports[`SwapRouter gas tests #exactInput 0 -> WETH9 1`] = `139987`;

exports[`SwapRouter gas tests #exactInput WETH9 -> 0 1`] = `118037`;

exports[`SwapRouter gas tests #exactInputSingle 0 -> 1 1`] = `119468`;

exports[`SwapRouter gas tests #exactInputSingle 0 -> WETH9 1`] = `139268`;

exports[`SwapRouter gas tests #exactInputSingle WETH9 -> 0 1`] = `117506`;

exports[`SwapRouter gas tests #exactOutput 0 -> 1 -> 2 1`] = `186327`;

exports[`SwapRouter gas tests #exactOutput 0 -> 1 1`] = `124352`;

exports[`SwapRouter gas tests #exactOutput 0 -> WETH9 1`] = `141281`;

exports[`SwapRouter gas tests #exactOutput WETH9 -> 0 1`] = `126432`;

exports[`SwapRouter gas tests #exactOutputSingle 0 -> 1 1`] = `124521`;

exports[`SwapRouter gas tests #exactOutputSingle 0 -> WETH9 1`] = `141450`;

exports[`SwapRouter gas tests #exactOutputSingle WETH9 -> 0 1`] = `126783`;
