// Jest Snapshot v1, https://goo.gl/fbAQLP

exports[`TickLens #getPopulatedTicksInWord gas for single populated tick 1`] = `48864`;
