// Jest Snapshot v1, https://goo.gl/fbAQLP

exports[`UniswapV3Router01 #addLiquidity pool exists gas cost 1`] = `321807`;

exports[`UniswapV3Router01 #createPoolAndAddLiquidity gas cost 1`] = `4830322`;
